// Bun Snapshot v1, https://bun.sh/docs/test/snapshots

exports[`normalizeTrainServicesData example 1 1`] = `
[
  {
    "destinationArrivalTime": null,
    "durationMinutes": null,
    "isCancelled": false,
    "originArrivalTime": "21:06",
    "originDepartureTime": "21:06",
    "platform": "3",
    "scheduledOriginArrivalTime": "21:05",
    "status": "delayed",
  },
  {
    "destinationArrivalTime": null,
    "durationMinutes": null,
    "isCancelled": false,
    "originArrivalTime": "20:45",
    "originDepartureTime": "20:45",
    "platform": "3",
    "scheduledOriginArrivalTime": "20:44",
    "status": "delayed",
  },
  {
    "destinationArrivalTime": "21:05",
    "durationMinutes": 18,
    "isCancelled": false,
    "originArrivalTime": "20:45",
    "originDepartureTime": "20:47",
    "platform": "2",
    "scheduledOriginArrivalTime": "20:45",
    "status": "on-time",
  },
  {
    "isCancelled": true,
    "platform": null,
    "scheduledOriginArrivalTime": "Cancelled",
    "status": "cancelled",
  },
  {
    "destinationArrivalTime": null,
    "durationMinutes": null,
    "isCancelled": false,
    "originArrivalTime": null,
    "originDepartureTime": "20:50",
    "platform": "1",
    "scheduledOriginArrivalTime": null,
    "status": "on-time",
  },
  {
    "destinationArrivalTime": null,
    "durationMinutes": null,
    "isCancelled": false,
    "originArrivalTime": "Delayed",
    "originDepartureTime": null,
    "platform": "1",
    "scheduledOriginArrivalTime": "20:54",
    "status": "significantly-delayed",
  },
  {
    "destinationArrivalTime": "21:14",
    "durationMinutes": 14,
    "isCancelled": false,
    "originArrivalTime": "21:00",
    "originDepartureTime": "21:00",
    "platform": "2",
    "scheduledOriginArrivalTime": "20:59",
    "status": "delayed",
  },
  {
    "destinationArrivalTime": null,
    "durationMinutes": null,
    "isCancelled": false,
    "originArrivalTime": "21:26",
    "originDepartureTime": "21:26",
    "platform": "3",
    "scheduledOriginArrivalTime": "21:25",
    "status": "delayed",
  },
  {
    "destinationArrivalTime": null,
    "durationMinutes": null,
    "isCancelled": false,
    "originArrivalTime": "Delayed",
    "originDepartureTime": null,
    "platform": "5",
    "scheduledOriginArrivalTime": "21:05",
    "status": "significantly-delayed",
  },
  {
    "destinationArrivalTime": null,
    "durationMinutes": null,
    "isCancelled": false,
    "originArrivalTime": "21:26",
    "originDepartureTime": "21:26",
    "platform": "3",
    "scheduledOriginArrivalTime": "21:25",
    "status": "delayed",
  },
]
`;

exports[`normalizeTrainServicesData example 2 1`] = `
[
  {
    "destinationArrivalTime": "23:34",
    "durationMinutes": 14,
    "isCancelled": false,
    "originArrivalTime": "23:20",
    "originDepartureTime": "23:20",
    "platform": "2",
    "scheduledOriginArrivalTime": "23:19",
    "status": "delayed",
  },
  {
    "destinationArrivalTime": null,
    "durationMinutes": null,
    "isCancelled": false,
    "originArrivalTime": "23:32",
    "originDepartureTime": "23:32",
    "platform": "2",
    "scheduledOriginArrivalTime": "23:31",
    "status": "delayed",
  },
  {
    "destinationArrivalTime": null,
    "durationMinutes": null,
    "isCancelled": false,
    "originArrivalTime": "23:24",
    "originDepartureTime": "23:24",
    "platform": "3",
    "scheduledOriginArrivalTime": "23:23",
    "status": "delayed",
  },
  {
    "destinationArrivalTime": null,
    "durationMinutes": null,
    "isCancelled": false,
    "originArrivalTime": null,
    "originDepartureTime": "23:16",
    "platform": "1",
    "scheduledOriginArrivalTime": null,
    "status": "on-time",
  },
  {
    "destinationArrivalTime": null,
    "durationMinutes": null,
    "isCancelled": false,
    "originArrivalTime": "Delayed",
    "originDepartureTime": null,
    "platform": "1",
    "scheduledOriginArrivalTime": "23:21",
    "status": "significantly-delayed",
  },
  {
    "destinationArrivalTime": null,
    "durationMinutes": null,
    "isCancelled": false,
    "originArrivalTime": "23:42",
    "originDepartureTime": "23:44",
    "platform": "3",
    "scheduledOriginArrivalTime": "23:42",
    "status": "on-time",
  },
  {
    "destinationArrivalTime": "00:05",
    "durationMinutes": null,
    "isCancelled": false,
    "originArrivalTime": "23:45",
    "originDepartureTime": "23:47",
    "platform": "2",
    "scheduledOriginArrivalTime": "23:45",
    "status": "on-time",
  },
  {
    "destinationArrivalTime": null,
    "durationMinutes": null,
    "isCancelled": false,
    "originArrivalTime": "Delayed",
    "originDepartureTime": null,
    "platform": "1",
    "scheduledOriginArrivalTime": "23:53",
    "status": "significantly-delayed",
  },
  {
    "destinationArrivalTime": "00:12",
    "durationMinutes": null,
    "isCancelled": false,
    "originArrivalTime": "23:56",
    "originDepartureTime": "23:57",
    "platform": "2",
    "scheduledOriginArrivalTime": "23:56",
    "status": "on-time",
  },
  {
    "destinationArrivalTime": null,
    "durationMinutes": null,
    "isCancelled": false,
    "originArrivalTime": "Delayed",
    "originDepartureTime": null,
    "platform": "1",
    "scheduledOriginArrivalTime": "00:21",
    "status": "significantly-delayed",
  },
]
`;
